<?xml version="1.0" encoding="UTF-8"?>
<testsuites name="jest tests" tests="2" failures="0" errors="0" time="0.993">
  <testsuite name="user" errors="0" failures="0" skipped="0" timestamp="2024-07-03T09:07:34" time="0.343" tests="1">
    <testcase classname="user should return success with user data after a delay" name="user should return success with user data after a delay" time="0.006">
    </testcase>
  </testsuite>
  <testsuite name="Menu" errors="0" failures="0" skipped="0" timestamp="2024-07-03T09:07:34" time="0.623" tests="1">
    <testcase classname="Menu should show the UserIcon" name="Menu should show the UserIcon" time="0.036">
    </testcase>
  </testsuite>
</testsuites>